[36412:40048:0607/085249.920:WARNING:chrome_main_delegate.cc(745)] This is Chrome version 128.0.6613.138 (not a warning)
[36412:28376:0607/085249.961:ERROR:google_update_settings.cc(265)] Failed opening key Software\Chromium to set usagestats; result: 5
[36412:40048:0607/085249.980:WARNING:account_consistency_mode_manager.cc(77)] Desktop Identity Consistency cannot be enabled as no OAuth client ID and client secret have been configured.
[27384:43968:0607/085252.584:WARNING:frame_impl.cc(430)] virtual CefFrameImpl::SendProcessMessage sent to detached frame 5-D894571E9F4F624CDF3BBA9D3B67D72B will be ignored
[36412:37468:0607/085252.878:WARNING:browser_info.cc(345)] Returning a speculative frame for [7,9]
[36412:40048:0607/085252.910:WARNING:browser_info.cc(345)] Returning a speculative frame for [8,5]
[36412:40048:0607/085252.912:WARNING:browser_info.cc(345)] Returning a speculative frame for [8,5]
[36412:40048:0607/085252.912:WARNING:browser_info.cc(345)] Returning a speculative frame for [8,5]
[36412:40048:0607/085252.912:WARNING:browser_info.cc(345)] Returning a speculative frame for [8,5]
[36412:37468:0607/085252.917:WARNING:browser_info.cc(345)] Returning a speculative frame for [8,5]
[45036:24496:0607/085255.427:WARNING:codec.cc(525)] Explicitly added H264 constrained baseline to list of supported formats.
[45036:24496:0607/085255.620:WARNING:codec.cc(525)] Explicitly added H264 constrained baseline to list of supported formats.
[45036:40248:0607/085255.628:WARNING:codec.cc(525)] Explicitly added H264 constrained baseline to list of supported formats.
[45036:40248:0607/085255.630:WARNING:codec.cc(525)] Explicitly added H264 constrained baseline to list of supported formats.
[45036:40248:0607/085255.630:WARNING:codec.cc(525)] Explicitly added H264 constrained baseline to list of supported formats.
[33576:37008:0607/085255.643:WARNING:host_resolver_dns_task.cc(863)] Address list empty after RFC3484 sort
[33576:37008:0607/085255.644:ERROR:socket_manager.cc(147)] Failed to resolve address for stun.cloudflare.com., errorcode: -105
[33576:37008:0607/085255.644:ERROR:socket_manager.cc(147)] Failed to resolve address for stun.cloudflare.com., errorcode: -105
[33576:37008:0607/085255.644:ERROR:socket_manager.cc(147)] Failed to resolve address for stun.cloudflare.com., errorcode: -105
[45036:40248:0607/085255.644:WARNING:stun_port.cc(442)] Port[4f58000:0:1:0:host:Net[any:0:0:0:x:x:x:x:x/0:Wildcard:id=0]]: StunPort: stun host lookup received error -1
[45036:40248:0607/085255.644:WARNING:stun_port.cc(442)] Port[4f58400:1:1:0:host:Net[any:0:0:0:x:x:x:x:x/0:Wildcard:id=0]]: StunPort: stun host lookup received error -1
[45036:40248:0607/085255.644:WARNING:stun_port.cc(442)] Port[4f58c00:2:1:0:host:Net[any:0:0:0:x:x:x:x:x/0:Wildcard:id=0]]: StunPort: stun host lookup received error -1
[30948:34844:0607/085502.411:ERROR:shared_image_manager.cc(224)] SharedImageManager::ProduceSkia: Trying to Produce a Skia representation from a non-existent mailbox.
[36412:40048:0607/100938.446:WARNING:pref_notifier_impl.cc(41)] Pref observer for media_router.cast_allow_all_ips found at shutdown.
